// Jest Snapshot v1, https://jestjs.io/docs/snapshot-testing

exports[`Deterministic Seed snapshot of initial seed shifts remains stable 1`] = `
[
  {
    "assignedTo": null,
    "conflicts": [],
    "date": "2025-01-06",
    "end": "14:00",
    "id": "2025-01-06_Frueh",
    "start": "06:00",
    "status": "open",
    "type": "Frueh",
    "workLocation": "office",
  },
  {
    "assignedTo": null,
    "conflicts": [],
    "date": "2025-01-06",
    "end": "06:00",
    "id": "2025-01-06_Nacht",
    "start": "22:00",
    "status": "open",
    "type": "Nacht",
    "workLocation": "office",
  },
  {
    "assignedTo": null,
    "conflicts": [],
    "date": "2025-01-06",
    "end": "22:00",
    "id": "2025-01-06_Spaet",
    "start": "14:00",
    "status": "open",
    "type": "Spaet",
    "workLocation": "office",
  },
  {
    "assignedTo": null,
    "conflicts": [],
    "date": "2025-01-07",
    "end": "14:00",
    "id": "2025-01-07_Frueh",
    "start": "06:00",
    "status": "open",
    "type": "Frueh",
    "workLocation": "office",
  },
  {
    "assignedTo": null,
    "conflicts": [],
    "date": "2025-01-07",
    "end": "06:00",
    "id": "2025-01-07_Nacht",
    "start": "22:00",
    "status": "open",
    "type": "Nacht",
    "workLocation": "office",
  },
  {
    "assignedTo": null,
    "conflicts": [],
    "date": "2025-01-07",
    "end": "22:00",
    "id": "2025-01-07_Spaet",
    "start": "14:00",
    "status": "open",
    "type": "Spaet",
    "workLocation": "office",
  },
  {
    "assignedTo": null,
    "conflicts": [],
    "date": "2025-01-08",
    "end": "14:00",
    "id": "2025-01-08_Frueh",
    "start": "06:00",
    "status": "open",
    "type": "Frueh",
    "workLocation": "office",
  },
  {
    "assignedTo": null,
    "conflicts": [],
    "date": "2025-01-08",
    "end": "06:00",
    "id": "2025-01-08_Nacht",
    "start": "22:00",
    "status": "open",
    "type": "Nacht",
    "workLocation": "office",
  },
  {
    "assignedTo": null,
    "conflicts": [],
    "date": "2025-01-08",
    "end": "22:00",
    "id": "2025-01-08_Spaet",
    "start": "14:00",
    "status": "open",
    "type": "Spaet",
    "workLocation": "office",
  },
  {
    "assignedTo": null,
    "conflicts": [],
    "date": "2025-01-09",
    "end": "14:00",
    "id": "2025-01-09_Frueh",
    "start": "06:00",
    "status": "open",
    "type": "Frueh",
    "workLocation": "office",
  },
  {
    "assignedTo": null,
    "conflicts": [],
    "date": "2025-01-09",
    "end": "06:00",
    "id": "2025-01-09_Nacht",
    "start": "22:00",
    "status": "open",
    "type": "Nacht",
    "workLocation": "office",
  },
  {
    "assignedTo": null,
    "conflicts": [],
    "date": "2025-01-09",
    "end": "22:00",
    "id": "2025-01-09_Spaet",
    "start": "14:00",
    "status": "open",
    "type": "Spaet",
    "workLocation": "office",
  },
  {
    "assignedTo": null,
    "conflicts": [],
    "date": "2025-01-10",
    "end": "14:00",
    "id": "2025-01-10_Frueh",
    "start": "06:00",
    "status": "open",
    "type": "Frueh",
    "workLocation": "office",
  },
  {
    "assignedTo": null,
    "conflicts": [],
    "date": "2025-01-10",
    "end": "06:00",
    "id": "2025-01-10_Nacht",
    "start": "22:00",
    "status": "open",
    "type": "Nacht",
    "workLocation": "office",
  },
  {
    "assignedTo": null,
    "conflicts": [],
    "date": "2025-01-10",
    "end": "22:00",
    "id": "2025-01-10_Spaet",
    "start": "14:00",
    "status": "open",
    "type": "Spaet",
    "workLocation": "office",
  },
  {
    "assignedTo": null,
    "conflicts": [],
    "date": "2025-01-11",
    "end": "14:00",
    "id": "2025-01-11_Frueh",
    "start": "06:00",
    "status": "open",
    "type": "Frueh",
    "workLocation": "office",
  },
  {
    "assignedTo": null,
    "conflicts": [],
    "date": "2025-01-11",
    "end": "06:00",
    "id": "2025-01-11_Nacht",
    "start": "22:00",
    "status": "open",
    "type": "Nacht",
    "workLocation": "office",
  },
  {
    "assignedTo": null,
    "conflicts": [],
    "date": "2025-01-11",
    "end": "22:00",
    "id": "2025-01-11_Spaet",
    "start": "14:00",
    "status": "open",
    "type": "Spaet",
    "workLocation": "office",
  },
  {
    "assignedTo": null,
    "conflicts": [],
    "date": "2025-01-12",
    "end": "14:00",
    "id": "2025-01-12_Frueh",
    "start": "06:00",
    "status": "open",
    "type": "Frueh",
    "workLocation": "office",
  },
  {
    "assignedTo": null,
    "conflicts": [],
    "date": "2025-01-12",
    "end": "06:00",
    "id": "2025-01-12_Nacht",
    "start": "22:00",
    "status": "open",
    "type": "Nacht",
    "workLocation": "office",
  },
  {
    "assignedTo": null,
    "conflicts": [],
    "date": "2025-01-12",
    "end": "22:00",
    "id": "2025-01-12_Spaet",
    "start": "14:00",
    "status": "open",
    "type": "Spaet",
    "workLocation": "office",
  },
]
`;
